Main.java:18: WARNING: PRECONDITION_NOT_MET in call to `go()` at line 18.
