
[ Dino Distefano Grigore Radu ]
[ Dijkstra Dino Grigore Radu ]
