
Summary of the reports

  PRECONDITION_NOT_MET: 2
